2026-03-01 22:09:52.064 | INFO     | logflow.core:configure_logging:159 | LogFlow initialized (Rank: N/A)
2026-03-01 22:09:52.065 | DEBUG    | liquify.core:_bootstrap:67 | Configuration loaded from /private/var/folders/4x/x26tt86913gcwvfprsl3xtnw0000gp/T/pytest-of-gertbehi/pytest-57/test_bootstrap_logic_direct0/logic_config.yaml
2026-03-01 22:09:52.077 | INFO     | logflow.core:configure_logging:159 | LogFlow initialized (Rank: N/A)
2026-03-01 22:09:52.078 | DEBUG    | liquify.core:_bootstrap:67 | Configuration loaded from /private/var/folders/4x/x26tt86913gcwvfprsl3xtnw0000gp/T/pytest-of-gertbehi/pytest-57/test_bootstrap_with_scopes_dir0/scoped_direct.yaml
2026-03-01 22:09:52.089 | INFO     | logflow.core:configure_logging:159 | LogFlow initialized (Rank: N/A)
2026-03-01 22:09:52.116 | INFO     | logflow.core:configure_logging:159 | LogFlow initialized (Rank: N/A)
2026-03-01 22:09:52.131 | INFO     | logflow.core:configure_logging:159 | LogFlow initialized (Rank: N/A)
2026-03-01 22:09:52.131 | DEBUG    | liquify.core:_bootstrap:67 | Configuration loaded from /private/var/folders/4x/x26tt86913gcwvfprsl3xtnw0000gp/T/pytest-of-gertbehi/pytest-57/test_global_context_extraction0/test.yaml
